Federation ID for executable ./bin/federate__robot_state_publisher: 1
---- System clock resolution: 1 nsec
---- Start execution on Wed Nov 05 10:54:06 2025 ---- plus 225511004 nanoseconds
global_init: process_id: 17 and name: federate__robot_state_publisher
global_init: telegraf url: udp://10.200.101.19:8094/telegraf
Fed 17 (robot_state_publisher): Connected to RTI at rti:15045.
Fed 17 (robot_state_publisher): Environment 0: ---- Intializing start tag
Fed 17 (robot_state_publisher): Starting timestamp is: 1762340092877370794.
Fed 17 (robot_state_publisher): Environment 0: ---- Spawning 1 workers.
Parsing robot urdf xml string.
The root link base_link has an inertia specified in the URDF, but KDL does not support a root link with an inertia.  As a workaround, you can add an extra dummy link to your URDF.
Link gnss had 0 children
Link imu had 0 children
Link lidar_front had 0 children
Link lidar_rear had 0 children
Link nav_base had 0 children
[0m[INFO] [1762340092.961471091] [robot_state_publisher]: got segment base_link[0m
[0m[INFO] [1762340092.961626931] [robot_state_publisher]: got segment gnss[0m
[0m[INFO] [1762340092.961737851] [robot_state_publisher]: got segment imu[0m
[0m[INFO] [1762340092.961817251] [robot_state_publisher]: got segment lidar_front[0m
[0m[INFO] [1762340092.961894531] [robot_state_publisher]: got segment lidar_rear[0m
[0m[INFO] [1762340092.961940652] [robot_state_publisher]: got segment nav_base[0m
